== DONE iters=36 auto_approved=0 ==
  Pushed to main, rebased onto origin/main
⏺ Monitor(24-run load test progress (baseline vs candidate), one line per run)
  ⎿  Monitor started · task b7qk2mz4p · persistent
  ⎿  Allowed by auto mode classifier
⏺ The eviction fix is now on origin/main at 1a2b3c4d5, and the load test is running with a monitor. While that continues, I'll build
  the report generator to convert the run's TSV into the requested table and log the outcome in memory. · summarized
  Ran 2 shell commands
⏺ Monitor event: "24-run load test progress (baseline vs candidate), one line per run"
⏺ The wall column is empty because the timing output leaked into the service's log instead of the time file. I'm stopping the run,
  fixing the capture logic, and restarting with the monitor re-armed. · summarized
⏺ Stop Task
  ⎿  LOG=/tmp/loadtest/run24.log
     last=0… · stopped
  Ran 1 shell command
⏺ Monitor(24-run load test progress (baseline vs candidate), one line per run)
  ⎿  Monitor started · task c5wn8rt2x · persistent
  ⎿  Allowed by auto mode classifier
⏺ The load test is running detached with the monitor attached, and everything else for task 2 (the report generator, the ground-truth
  cross-check, the handoff section) is ready to run once it finishes. Task 1 is on origin/main as 1a2b3c4d5. Waiting on the test now.
✻ Worked for 3m 21s · done 8:50 PM · 1 monitor still running
⏺ Monitor event: "24-run load test progress (baseline vs candidate), one line per run"
⏺ Two runs in, both binaries agree and every checksum verifies. Waiting for the next events.
✻ Cogitated for 2s · done 8:50 PM · 1 monitor still running
                                                                                                  ✔ Update installed · Restart to update
────────────────────────────────────────────────────────────────────────────────────────────────────────────────────────────── sandboxed ─
❯
──────────────────────────────────────────────────────────────────────────────────────────────────────────────────────────────────────────
  ⏵⏵ auto mode on · 1 monitor · ← for agents · ↓ to manage                                                                    /rc active
exit=0
